node.exe : npm warn cli npm v11.2.0 does not support Node.js v21.7.3. This 
version of npm supports the following node versions: `^20.17.0 || >=22.9.0`. 
You can find the latest version at https://nodejs.org/.
At C:\Users\Nethmi Niwarthana\AppData\Roaming\npm\npm.ps1:24 char:5
+     & "node$exe"  "$basedir/node_modules/npm/bin/npm-cli.js" $args
+     ~~~~~~~~~~~~~~~~~~~~~~~~~~~~~~~~~~~~~~~~~~~~~~~~~~~~~~~~~~~~~~
    + CategoryInfo          : NotSpecified: (npm warn cli np...://nodejs.org/. 
   :String) [], RemoteException
    + FullyQualifiedErrorId : NativeCommandError
 

> smart-campus-frontend@0.1.0 build
> vite build

[36mvite v5.4.21 [32mbuilding for production...[36m[39m
transforming...
node_modules/react-bootstrap/esm/AccordionButton.js (1:0): Module level 
directives cause errors when bundled, "use client" in 
"node_modules/react-bootstrap/esm/AccordionButton.js" was ignored.
node_modules/react-bootstrap/esm/AccordionHeader.js (1:0): Module level 
directives cause errors when bundled, "use client" in 
"node_modules/react-bootstrap/esm/AccordionHeader.js" was ignored.
node_modules/react-bootstrap/esm/Accordion.js (1:0): Module level directives 
cause errors when bundled, "use client" in 
"node_modules/react-bootstrap/esm/Accordion.js" was ignored.
node_modules/react-bootstrap/esm/AccordionContext.js (1:0): Module level 
directives cause errors when bundled, "use client" in 
"node_modules/react-bootstrap/esm/AccordionContext.js" was ignored.
node_modules/react-bootstrap/esm/AccordionItem.js (1:0): Module level 
directives cause errors when bundled, "use client" in 
"node_modules/react-bootstrap/esm/AccordionItem.js" was ignored.
node_modules/react-bootstrap/esm/AlertLink.js (1:0): Module level directives 
cause errors when bundled, "use client" in 
"node_modules/react-bootstrap/esm/AlertLink.js" was ignored.
node_modules/react-bootstrap/esm/AccordionBody.js (1:0): Module level 
directives cause errors when bundled, "use client" in 
"node_modules/react-bootstrap/esm/AccordionBody.js" was ignored.
node_modules/react-bootstrap/esm/AccordionCollapse.js (1:0): Module level 
directives cause errors when bundled, "use client" in 
"node_modules/react-bootstrap/esm/AccordionCollapse.js" was ignored.
node_modules/react-bootstrap/esm/Alert.js (1:0): Module level directives cause 
errors when bundled, "use client" in 
"node_modules/react-bootstrap/esm/Alert.js" was ignored.
node_modules/react-bootstrap/esm/Badge.js (1:0): Module level directives cause 
errors when bundled, "use client" in 
"node_modules/react-bootstrap/esm/Badge.js" was ignored.
node_modules/react-bootstrap/esm/ButtonToolbar.js (1:0): Module level 
directives cause errors when bundled, "use client" in 
"node_modules/react-bootstrap/esm/ButtonToolbar.js" was ignored.
node_modules/react-bootstrap/esm/ButtonGroup.js (1:0): Module level directives 
cause errors when bundled, "use client" in 
"node_modules/react-bootstrap/esm/ButtonGroup.js" was ignored.
node_modules/react-bootstrap/esm/Card.js (1:0): Module level directives cause 
errors when bundled, "use client" in 
"node_modules/react-bootstrap/esm/Card.js" was ignored.
node_modules/react-bootstrap/esm/Button.js (1:0): Module level directives 
cause errors when bundled, "use client" in 
"node_modules/react-bootstrap/esm/Button.js" was ignored.
node_modules/react-bootstrap/esm/BreadcrumbItem.js (1:0): Module level 
directives cause errors when bundled, "use client" in 
"node_modules/react-bootstrap/esm/BreadcrumbItem.js" was ignored.
node_modules/react-bootstrap/esm/AlertHeading.js (1:0): Module level 
directives cause errors when bundled, "use client" in 
"node_modules/react-bootstrap/esm/AlertHeading.js" was ignored.
node_modules/react-bootstrap/esm/CardFooter.js (1:0): Module level directives 
cause errors when bundled, "use client" in 
"node_modules/react-bootstrap/esm/CardFooter.js" was ignored.
node_modules/react-bootstrap/esm/CardLink.js (1:0): Module level directives 
cause errors when bundled, "use client" in 
"node_modules/react-bootstrap/esm/CardLink.js" was ignored.
node_modules/react-bootstrap/esm/CardSubtitle.js (1:0): Module level 
directives cause errors when bundled, "use client" in 
"node_modules/react-bootstrap/esm/CardSubtitle.js" was ignored.
node_modules/react-bootstrap/esm/CardHeader.js (1:0): Module level directives 
cause errors when bundled, "use client" in 
"node_modules/react-bootstrap/esm/CardHeader.js" was ignored.
node_modules/react-bootstrap/esm/CardImg.js (1:0): Module level directives 
cause errors when bundled, "use client" in 
"node_modules/react-bootstrap/esm/CardImg.js" was ignored.
node_modules/react-bootstrap/esm/CardTitle.js (1:0): Module level directives 
cause errors when bundled, "use client" in 
"node_modules/react-bootstrap/esm/CardTitle.js" was ignored.
node_modules/react-bootstrap/esm/CardText.js (1:0): Module level directives 
cause errors when bundled, "use client" in 
"node_modules/react-bootstrap/esm/CardText.js" was ignored.
node_modules/react-bootstrap/esm/Breadcrumb.js (1:0): Module level directives 
cause errors when bundled, "use client" in 
"node_modules/react-bootstrap/esm/Breadcrumb.js" was ignored.
node_modules/react-bootstrap/esm/CardImgOverlay.js (1:0): Module level 
directives cause errors when bundled, "use client" in 
"node_modules/react-bootstrap/esm/CardImgOverlay.js" was ignored.
node_modules/react-bootstrap/esm/CardBody.js (1:0): Module level directives 
cause errors when bundled, "use client" in 
"node_modules/react-bootstrap/esm/CardBody.js" was ignored.
node_modules/react-bootstrap/esm/CardGroup.js (1:0): Module level directives 
cause errors when bundled, "use client" in 
"node_modules/react-bootstrap/esm/CardGroup.js" was ignored.
node_modules/react-bootstrap/esm/Carousel.js (1:0): Module level directives 
cause errors when bundled, "use client" in 
"node_modules/react-bootstrap/esm/Carousel.js" was ignored.
node_modules/react-bootstrap/esm/Container.js (1:0): Module level directives 
cause errors when bundled, "use client" in 
"node_modules/react-bootstrap/esm/Container.js" was ignored.
node_modules/react-bootstrap/esm/DropdownDivider.js (1:0): Module level 
directives cause errors when bundled, "use client" in 
"node_modules/react-bootstrap/esm/DropdownDivider.js" was ignored.
node_modules/react-bootstrap/esm/DropdownItemText.js (1:0): Module level 
directives cause errors when bundled, "use client" in 
"node_modules/react-bootstrap/esm/DropdownItemText.js" was ignored.
node_modules/react-bootstrap/esm/DropdownHeader.js (1:0): Module level 
directives cause errors when bundled, "use client" in 
"node_modules/react-bootstrap/esm/DropdownHeader.js" was ignored.
node_modules/react-bootstrap/esm/CarouselItem.js (1:0): Module level 
directives cause errors when bundled, "use client" in 
"node_modules/react-bootstrap/esm/CarouselItem.js" was ignored.
node_modules/react-bootstrap/esm/DropdownItem.js (1:0): Module level 
directives cause errors when bundled, "use client" in 
"node_modules/react-bootstrap/esm/DropdownItem.js" was ignored.
node_modules/react-bootstrap/esm/FigureCaption.js (1:0): Module level 
directives cause errors when bundled, "use client" in 
"node_modules/react-bootstrap/esm/FigureCaption.js" was ignored.
node_modules/react-bootstrap/esm/Dropdown.js (1:0): Module level directives 
cause errors when bundled, "use client" in 
"node_modules/react-bootstrap/esm/Dropdown.js" was ignored.
node_modules/react-bootstrap/esm/CarouselCaption.js (1:0): Module level 
directives cause errors when bundled, "use client" in 
"node_modules/react-bootstrap/esm/CarouselCaption.js" was ignored.
node_modules/react-bootstrap/esm/Figure.js (1:0): Module level directives 
cause errors when bundled, "use client" in 
"node_modules/react-bootstrap/esm/Figure.js" was ignored.
node_modules/react-bootstrap/esm/FloatingLabel.js (1:0): Module level 
directives cause errors when bundled, "use client" in 
"node_modules/react-bootstrap/esm/FloatingLabel.js" was ignored.
node_modules/react-bootstrap/esm/Col.js (1:0): Module level directives cause 
errors when bundled, "use client" in "node_modules/react-bootstrap/esm/Col.js" 
was ignored.
node_modules/react-bootstrap/esm/FormText.js (1:0): Module level directives 
cause errors when bundled, "use client" in 
"node_modules/react-bootstrap/esm/FormText.js" was ignored.
node_modules/react-bootstrap/esm/FormCheck.js (1:0): Module level directives 
cause errors when bundled, "use client" in 
"node_modules/react-bootstrap/esm/FormCheck.js" was ignored.
node_modules/react-bootstrap/esm/FormSelect.js (1:0): Module level directives 
cause errors when bundled, "use client" in 
"node_modules/react-bootstrap/esm/FormSelect.js" was ignored.
node_modules/react-bootstrap/esm/FormFloating.js (1:0): Module level 
directives cause errors when bundled, "use client" in 
"node_modules/react-bootstrap/esm/FormFloating.js" was ignored.
node_modules/react-bootstrap/esm/Image.js (1:0): Module level directives cause 
errors when bundled, "use client" in 
"node_modules/react-bootstrap/esm/Image.js" was ignored.
node_modules/react-bootstrap/esm/DropdownToggle.js (1:0): Module level 
directives cause errors when bundled, "use client" in 
"node_modules/react-bootstrap/esm/DropdownToggle.js" was ignored.
node_modules/react-bootstrap/esm/ModalHeader.js (1:0): Module level directives 
cause errors when bundled, "use client" in 
"node_modules/react-bootstrap/esm/ModalHeader.js" was ignored.
node_modules/react-bootstrap/esm/Modal.js (1:0): Module level directives cause 
errors when bundled, "use client" in 
"node_modules/react-bootstrap/esm/Modal.js" was ignored.
node_modules/react-bootstrap/esm/ModalDialog.js (1:0): Module level directives 
cause errors when bundled, "use client" in 
"node_modules/react-bootstrap/esm/ModalDialog.js" was ignored.
node_modules/react-bootstrap/esm/Nav.js (1:0): Module level directives cause 
errors when bundled, "use client" in "node_modules/react-bootstrap/esm/Nav.js" 
was ignored.
node_modules/react-bootstrap/esm/ModalTitle.js (1:0): Module level directives 
cause errors when bundled, "use client" in 
"node_modules/react-bootstrap/esm/ModalTitle.js" was ignored.
node_modules/react-bootstrap/esm/ModalFooter.js (1:0): Module level directives 
cause errors when bundled, "use client" in 
"node_modules/react-bootstrap/esm/ModalFooter.js" was ignored.
node_modules/react-bootstrap/esm/Navbar.js (1:0): Module level directives 
cause errors when bundled, "use client" in 
"node_modules/react-bootstrap/esm/Navbar.js" was ignored.
node_modules/react-bootstrap/esm/NavbarCollapse.js (1:0): Module level 
directives cause errors when bundled, "use client" in 
"node_modules/react-bootstrap/esm/NavbarCollapse.js" was ignored.
node_modules/react-bootstrap/esm/InputGroup.js (1:0): Module level directives 
cause errors when bundled, "use client" in 
"node_modules/react-bootstrap/esm/InputGroup.js" was ignored.
node_modules/react-bootstrap/esm/NavbarOffcanvas.js (1:0): Module level 
directives cause errors when bundled, "use client" in 
"node_modules/react-bootstrap/esm/NavbarOffcanvas.js" was ignored.
node_modules/react-bootstrap/esm/NavbarToggle.js (1:0): Module level 
directives cause errors when bundled, "use client" in 
"node_modules/react-bootstrap/esm/NavbarToggle.js" was ignored.
node_modules/react-bootstrap/esm/NavItem.js (1:0): Module level directives 
cause errors when bundled, "use client" in 
"node_modules/react-bootstrap/esm/NavItem.js" was ignored.
node_modules/react-bootstrap/esm/NavLink.js (1:0): Module level directives 
cause errors when bundled, "use client" in 
"node_modules/react-bootstrap/esm/NavLink.js" was ignored.
node_modules/react-bootstrap/esm/NavbarBrand.js (1:0): Module level directives 
cause errors when bundled, "use client" in 
"node_modules/react-bootstrap/esm/NavbarBrand.js" was ignored.
node_modules/react-bootstrap/esm/Offcanvas.js (1:0): Module level directives 
cause errors when bundled, "use client" in 
"node_modules/react-bootstrap/esm/Offcanvas.js" was ignored.
node_modules/react-bootstrap/esm/OffcanvasBody.js (1:0): Module level 
directives cause errors when bundled, "use client" in 
"node_modules/react-bootstrap/esm/OffcanvasBody.js" was ignored.
node_modules/react-bootstrap/esm/NavDropdown.js (1:0): Module level directives 
cause errors when bundled, "use client" in 
"node_modules/react-bootstrap/esm/NavDropdown.js" was ignored.
node_modules/react-bootstrap/esm/ModalBody.js (1:0): Module level directives 
cause errors when bundled, "use client" in 
"node_modules/react-bootstrap/esm/ModalBody.js" was ignored.
node_modules/react-bootstrap/esm/OffcanvasTitle.js (1:0): Module level 
directives cause errors when bundled, "use client" in 
"node_modules/react-bootstrap/esm/OffcanvasTitle.js" was ignored.
node_modules/react-bootstrap/esm/OffcanvasHeader.js (1:0): Module level 
directives cause errors when bundled, "use client" in 
"node_modules/react-bootstrap/esm/OffcanvasHeader.js" was ignored.
node_modules/react-bootstrap/esm/Overlay.js (1:0): Module level directives 
cause errors when bundled, "use client" in 
"node_modules/react-bootstrap/esm/Overlay.js" was ignored.
node_modules/react-bootstrap/esm/OffcanvasToggling.js (1:0): Module level 
directives cause errors when bundled, "use client" in 
"node_modules/react-bootstrap/esm/OffcanvasToggling.js" was ignored.
node_modules/react-bootstrap/esm/NavbarText.js (1:0): Module level directives 
cause errors when bundled, "use client" in 
"node_modules/react-bootstrap/esm/NavbarText.js" was ignored.
node_modules/react-bootstrap/esm/Popover.js (1:0): Module level directives 
cause errors when bundled, "use client" in 
"node_modules/react-bootstrap/esm/Popover.js" was ignored.
node_modules/react-bootstrap/esm/Ratio.js (1:0): Module level directives cause 
errors when bundled, "use client" in 
"node_modules/react-bootstrap/esm/Ratio.js" was ignored.
node_modules/react-bootstrap/esm/PopoverBody.js (1:0): Module level directives 
cause errors when bundled, "use client" in 
"node_modules/react-bootstrap/esm/PopoverBody.js" was ignored.
node_modules/react-bootstrap/esm/PopoverHeader.js (1:0): Module level 
directives cause errors when bundled, "use client" in 
"node_modules/react-bootstrap/esm/PopoverHeader.js" was ignored.
node_modules/react-bootstrap/esm/ProgressBar.js (1:0): Module level directives 
cause errors when bundled, "use client" in 
"node_modules/react-bootstrap/esm/ProgressBar.js" was ignored.
node_modules/react-bootstrap/esm/Row.js (1:0): Module level directives cause 
errors when bundled, "use client" in "node_modules/react-bootstrap/esm/Row.js" 
was ignored.
node_modules/react-bootstrap/esm/Spinner.js (1:0): Module level directives 
cause errors when bundled, "use client" in 
"node_modules/react-bootstrap/esm/Spinner.js" was ignored.
node_modules/react-bootstrap/esm/TabContent.js (1:0): Module level directives 
cause errors when bundled, "use client" in 
"node_modules/react-bootstrap/esm/TabContent.js" was ignored.
node_modules/react-bootstrap/esm/Table.js (1:0): Module level directives cause 
errors when bundled, "use client" in 
"node_modules/react-bootstrap/esm/Table.js" was ignored.
node_modules/react-bootstrap/esm/Stack.js (1:0): Module level directives cause 
errors when bundled, "use client" in 
"node_modules/react-bootstrap/esm/Stack.js" was ignored.
node_modules/react-bootstrap/esm/ThemeProvider.js (1:0): Module level 
directives cause errors when bundled, "use client" in 
"node_modules/react-bootstrap/esm/ThemeProvider.js" was ignored.
node_modules/react-bootstrap/esm/ToastBody.js (1:0): Module level directives 
cause errors when bundled, "use client" in 
"node_modules/react-bootstrap/esm/ToastBody.js" was ignored.
node_modules/react-bootstrap/esm/Toast.js (1:0): Module level directives cause 
errors when bundled, "use client" in 
"node_modules/react-bootstrap/esm/Toast.js" was ignored.
node_modules/react-bootstrap/esm/Pagination.js (1:0): Module level directives 
cause errors when bundled, "use client" in 
"node_modules/react-bootstrap/esm/Pagination.js" was ignored.
node_modules/react-bootstrap/esm/TabPane.js (1:0): Module level directives 
cause errors when bundled, "use client" in 
"node_modules/react-bootstrap/esm/TabPane.js" was ignored.
node_modules/react-bootstrap/esm/ToggleButton.js (1:0): Module level 
directives cause errors when bundled, "use client" in 
"node_modules/react-bootstrap/esm/ToggleButton.js" was ignored.
node_modules/react-bootstrap/esm/ToastContainer.js (1:0): Module level 
directives cause errors when bundled, "use client" in 
"node_modules/react-bootstrap/esm/ToastContainer.js" was ignored.
node_modules/react-bootstrap/esm/Tooltip.js (1:0): Module level directives 
cause errors when bundled, "use client" in 
"node_modules/react-bootstrap/esm/Tooltip.js" was ignored.
node_modules/react-bootstrap/esm/ToastHeader.js (1:0): Module level directives 
cause errors when bundled, "use client" in 
"node_modules/react-bootstrap/esm/ToastHeader.js" was ignored.
node_modules/react-bootstrap/esm/DropdownMenu.js (1:0): Module level 
directives cause errors when bundled, "use client" in 
"node_modules/react-bootstrap/esm/DropdownMenu.js" was ignored.
node_modules/react-bootstrap/esm/FormControl.js (1:0): Module level directives 
cause errors when bundled, "use client" in 
"node_modules/react-bootstrap/esm/FormControl.js" was ignored.
node_modules/react-bootstrap/esm/ListGroupItem.js (1:0): Module level 
directives cause errors when bundled, "use client" in 
"node_modules/react-bootstrap/esm/ListGroupItem.js" was ignored.
node_modules/react-bootstrap/esm/ListGroup.js (1:0): Module level directives 
cause errors when bundled, "use client" in 
"node_modules/react-bootstrap/esm/ListGroup.js" was ignored.
node_modules/react-bootstrap/esm/FormLabel.js (1:0): Module level directives 
cause errors when bundled, "use client" in 
"node_modules/react-bootstrap/esm/FormLabel.js" was ignored.
node_modules/react-bootstrap/esm/OverlayTrigger.js (1:0): Module level 
directives cause errors when bundled, "use client" in 
"node_modules/react-bootstrap/esm/OverlayTrigger.js" was ignored.
node_modules/react-bootstrap/esm/AccordionItemContext.js (1:0): Module level 
directives cause errors when bundled, "use client" in 
"node_modules/react-bootstrap/esm/AccordionItemContext.js" was ignored.
node_modules/react-bootstrap/esm/CardHeaderContext.js (1:0): Module level 
directives cause errors when bundled, "use client" in 
"node_modules/react-bootstrap/esm/CardHeaderContext.js" was ignored.
node_modules/react-bootstrap/esm/TransitionWrapper.js (1:0): Module level 
directives cause errors when bundled, "use client" in 
"node_modules/react-bootstrap/esm/TransitionWrapper.js" was ignored.
node_modules/react-bootstrap/esm/FormRange.js (1:0): Module level directives 
cause errors when bundled, "use client" in 
"node_modules/react-bootstrap/esm/FormRange.js" was ignored.
node_modules/react-bootstrap/esm/DropdownContext.js (1:0): Module level 
directives cause errors when bundled, "use client" in 
"node_modules/react-bootstrap/esm/DropdownContext.js" was ignored.
node_modules/react-bootstrap/esm/InputGroupContext.js (1:0): Module level 
directives cause errors when bundled, "use client" in 
"node_modules/react-bootstrap/esm/InputGroupContext.js" was ignored.
node_modules/react-bootstrap/esm/FormContext.js (1:0): Module level directives 
cause errors when bundled, "use client" in 
"node_modules/react-bootstrap/esm/FormContext.js" was ignored.
node_modules/react-bootstrap/esm/FormCheckInput.js (1:0): Module level 
directives cause errors when bundled, "use client" in 
"node_modules/react-bootstrap/esm/FormCheckInput.js" was ignored.
node_modules/react-bootstrap/esm/FormCheckLabel.js (1:0): Module level 
directives cause errors when bundled, "use client" in 
"node_modules/react-bootstrap/esm/FormCheckLabel.js" was ignored.
node_modules/react-bootstrap/esm/AbstractModalHeader.js (1:0): Module level 
directives cause errors when bundled, "use client" in 
"node_modules/react-bootstrap/esm/AbstractModalHeader.js" was ignored.
node_modules/react-bootstrap/esm/ModalContext.js (1:0): Module level 
directives cause errors when bundled, "use client" in 
"node_modules/react-bootstrap/esm/ModalContext.js" was ignored.
node_modules/react-bootstrap/esm/InputGroupText.js (1:0): Module level 
directives cause errors when bundled, "use client" in 
"node_modules/react-bootstrap/esm/InputGroupText.js" was ignored.
node_modules/react-bootstrap/esm/usePlaceholder.js (1:0): Module level 
directives cause errors when bundled, "use client" in 
"node_modules/react-bootstrap/esm/usePlaceholder.js" was ignored.
node_modules/react-bootstrap/esm/useOverlayOffset.js (1:0): Module level 
directives cause errors when bundled, "use client" in 
"node_modules/react-bootstrap/esm/useOverlayOffset.js" was ignored.
node_modules/react-bootstrap/esm/NavbarContext.js (1:0): Module level 
directives cause errors when bundled, "use client" in 
"node_modules/react-bootstrap/esm/NavbarContext.js" was ignored.
node_modules/react-bootstrap/esm/ToastContext.js (1:0): Module level 
directives cause errors when bundled, "use client" in 
"node_modules/react-bootstrap/esm/ToastContext.js" was ignored.
[32mΓ£ô[39m 706 modules transformed.
rendering chunks...
computing gzip size...
[2mdist/[22m[32mindex.html                 [39m[1m[2m  1.12 kB[22m[1m[22m[2m Γöé gzip:  0.62 kB[22m
[2mdist/[22m[35massets/index-D7Zcy30F.css  [39m[1m[2m231.52 kB[22m[1m[22m[2m Γöé gzip: 30.92 kB[22m
[2mdist/[22m[36massets/index-B7qquQLr.js   [39m[1m[2m295.67 kB[22m[1m[22m[2m Γöé gzip: 93.03 kB[22m
[32mΓ£ô built in 2.41s[39m
